// Vitest Snapshot v1, https://vitest.dev/guide/snapshot.html

exports[`DropDown > renders correctly with provided props 1`] = `
<DocumentFragment>
  <div
    class="_container_5d938f undefined"
  >
    <label
      class="_label_5d938f"
      id="From-label"
    >
      From
    </label>
    <button
      aria-describedby="From-value"
      aria-expanded="false"
      aria-haspopup="listbox"
      aria-labelledby="From-label"
      class="_dropdown_5d938f"
      data-testid="dropdown-button"
    >
      <img
        alt="AU"
        class="_flag_479884"
        data-testid="AU-flag-icon"
        src="/img/flags/AU.svg"
        width="20px"
      />
      <span
        class="_dropdownText_5d938f"
        data-testid="From-value"
      >
        AUD
      </span>
      <div
        aria-hidden="true"
        class="_dropdownToggle_5d938f"
      >
        <svg
          fill="none"
          height="24"
          viewBox="0 0 24 24"
          width="24"
          xmlns="http://www.w3.org/2000/svg"
        >
          <path
            d="M16.2 5.3894H7.8C6.2536 5.3894 5 6.64301 5 8.1894V16.5894C5 18.1358 6.2536 19.3894 7.8 19.3894H16.2C17.7464 19.3894 19 18.1358 19 16.5894V8.1894C19 6.64301 17.7464 5.3894 16.2 5.3894Z"
            stroke="#E5E5E5"
            stroke-width="1.03427"
          />
          <path
            class="_toggleArrow_5d938f "
            clip-rule="evenodd"
            d="M9.20711 11.3894C8.76165 11.3894 8.53857 11.928 8.85355 12.243L11.6464 15.0359C11.8417 15.2311 12.1583 15.2311 12.3536 15.0358L15.1464 12.243C15.4614 11.928 15.2383 11.3894 14.7929 11.3894H9.20711Z"
            fill="#6D7587"
            fill-rule="evenodd"
          />
        </svg>
      </div>
    </button>
  </div>
</DocumentFragment>
`;
