// Vitest Snapshot v1, https://vitest.dev/guide/snapshot.html

exports[`Rates > renders correctly with default props 1`] = `
<DocumentFragment>
  <div
    class="_container_3590bb"
  >
    <div
      class="_content_3590bb"
    >
      <h1
        class="_heading_3590bb"
      >
        Currency Conversion
      </h1>
      <div
        class="_rowWrapper_3590bb"
      >
        <div
          class="_dropdownContainer_3590bb _fromDropdown_3590bb"
        >
          <div
            class="_container_5d938f undefined"
          >
            <label
              class="_label_5d938f"
              id="From-label"
            >
              From
            </label>
            <button
              aria-describedby="From-value"
              aria-expanded="false"
              aria-haspopup="listbox"
              aria-labelledby="From-label"
              class="_dropdown_5d938f"
              data-testid="dropdown-button"
            >
              <img
                alt="AU"
                class="_flag_479884"
                data-testid="AU-flag-icon"
                src="/img/flags/AU.svg"
                width="20px"
              />
              <span
                class="_dropdownText_5d938f"
                data-testid="From-value"
              >
                AUD
              </span>
              <div
                aria-hidden="true"
                class="_dropdownToggle_5d938f"
              >
                <svg
                  fill="none"
                  height="24"
                  viewBox="0 0 24 24"
                  width="24"
                  xmlns="http://www.w3.org/2000/svg"
                >
                  <path
                    d="M16.2 5.3894H7.8C6.2536 5.3894 5 6.64301 5 8.1894V16.5894C5 18.1358 6.2536 19.3894 7.8 19.3894H16.2C17.7464 19.3894 19 18.1358 19 16.5894V8.1894C19 6.64301 17.7464 5.3894 16.2 5.3894Z"
                    stroke="#E5E5E5"
                    stroke-width="1.03427"
                  />
                  <path
                    class="_toggleArrow_5d938f "
                    clip-rule="evenodd"
                    d="M9.20711 11.3894C8.76165 11.3894 8.53857 11.928 8.85355 12.243L11.6464 15.0359C11.8417 15.2311 12.1583 15.2311 12.3536 15.0358L15.1464 12.243C15.4614 11.928 15.2383 11.3894 14.7929 11.3894H9.20711Z"
                    fill="#6D7587"
                    fill-rule="evenodd"
                  />
                </svg>
              </div>
            </button>
          </div>
        </div>
        <div
          class="_exchangeWrapper_3590bb"
        >
          <div
            class="_transferIcon_3590bb"
          >
            <img
              alt="Transfer icon"
              src="/img/icons/Transfer.svg"
            />
          </div>
        </div>
        <div
          class="_dropdownContainer_3590bb _toDropdown_3590bb"
        >
          <div
            class="_container_5d938f undefined"
          >
            <label
              class="_label_5d938f"
              id="To-label"
            >
              To
            </label>
            <button
              aria-describedby="To-value"
              aria-expanded="false"
              aria-haspopup="listbox"
              aria-labelledby="To-label"
              class="_dropdown_5d938f"
              data-testid="dropdown-button"
            >
              <img
                alt="US"
                class="_flag_479884"
                data-testid="US-flag-icon"
                src="/img/flags/US.svg"
                width="20px"
              />
              <span
                class="_dropdownText_5d938f"
                data-testid="To-value"
              >
                USD
              </span>
              <div
                aria-hidden="true"
                class="_dropdownToggle_5d938f"
              >
                <svg
                  fill="none"
                  height="24"
                  viewBox="0 0 24 24"
                  width="24"
                  xmlns="http://www.w3.org/2000/svg"
                >
                  <path
                    d="M16.2 5.3894H7.8C6.2536 5.3894 5 6.64301 5 8.1894V16.5894C5 18.1358 6.2536 19.3894 7.8 19.3894H16.2C17.7464 19.3894 19 18.1358 19 16.5894V8.1894C19 6.64301 17.7464 5.3894 16.2 5.3894Z"
                    stroke="#E5E5E5"
                    stroke-width="1.03427"
                  />
                  <path
                    class="_toggleArrow_5d938f "
                    clip-rule="evenodd"
                    d="M9.20711 11.3894C8.76165 11.3894 8.53857 11.928 8.85355 12.243L11.6464 15.0359C11.8417 15.2311 12.1583 15.2311 12.3536 15.0358L15.1464 12.243C15.4614 11.928 15.2383 11.3894 14.7929 11.3894H9.20711Z"
                    fill="#6D7587"
                    fill-rule="evenodd"
                  />
                </svg>
              </div>
            </button>
          </div>
        </div>
        <div
          class="_inputContainer_3590bb _fromInput_3590bb"
        >
          <label
            class="sr-only"
            for="amount-input"
          >
            Amount to convert
          </label>
          <input
            aria-describedby="conversion-results"
            aria-label="Amount to convert"
            class="_amountInput_3590bb"
            id="amount-input"
            placeholder="0.00"
            type="number"
            value=""
          />
        </div>
        <div
          class="_exchangeWrapperBottom_3590bb"
        >
          <div
            class="_rate_3590bb"
            data-testid="exchange-rate"
          >
            0.6543
          </div>
        </div>
        <div
          aria-live="polite"
          class="_amountWrapper_3590bb"
          id="conversion-results"
        >
          <span
            aria-label="OFX conversion result: 0.00 USD"
            class="_rate_3590bb"
          >
            OFX rate: 0.00
          </span>
          <span
            aria-label="True conversion result: 0.00 USD"
            class="_rate_3590bb"
          >
            True rate: 0.00
          </span>
        </div>
      </div>
      <div
        class="_base_a40bf7"
        style="margin-top: 20px;"
      >
        <div
          class="_progress_a40bf7 "
          style="transform: translate(-0px);"
        />
      </div>
    </div>
  </div>
</DocumentFragment>
`;
